// Jest Snapshot v1, https://goo.gl/fbAQLP

exports[`File Based - Full Integration Tests String Array Test should generate files 1`] = `
Array [
  "class-diagram.md",
]
`;

exports[`File Based - Full Integration Tests String Array Test should generate files: class-diagram.md 1`] = `
"\`\`\`mermaid
classDiagram


  class StringArrayTestObject{
    +string[]: typeCodes
  }
\`\`\`
This file was generated by the [openapi-mermaid](https://www.npmjs.com/package/openapi-mermaid).
"
`;
