// Jest Snapshot v1, https://goo.gl/fbAQLP

exports[`Url Based - Full Integration Tests MasterCorp Account Service should generate files 1`] = `
Array [
  "class-diagram.html",
  "class-diagram.md",
]
`;

exports[`Url Based - Full Integration Tests MasterCorp Account Service should generate files: class-diagram.html 1`] = `
"<!DOCTYPE html>
<html lang=\\"en\\">
  <head>
    <title>Mermaid Class Diagram - by openapi-mermaid</title>
    <meta content=\\"text/html; charset=utf-8\\" />
    <script src=\\"https://cdn.jsdelivr.net/npm/mermaid/dist/mermaid.min.js\\"></script>
    <script>mermaid.initialize({startOnLoad:true});</script>
  </head>
  <body>
    <div class=\\"mermaid\\">
classDiagram


  class Competency{
    +uuid: id
    +string: name
    +bool: isEnabled
  }
    </div>
    <div style=\\"font-family: Arial, Helvetica, sans-serif; font-size: small;\\">
      This file was generated by the <a href=\\"https://www.npmjs.com/package/openapi-mermaid\\">openapi-mermaid</a> tool.
    </div>
  </body>

  </body>
</html>
"
`;

exports[`Url Based - Full Integration Tests MasterCorp Account Service should generate files: class-diagram.md 1`] = `
"\`\`\`mermaid
classDiagram


  class Competency{
    +uuid: id
    +string: name
    +bool: isEnabled
  }
\`\`\`
This file was generated by the [openapi-mermaid](https://www.npmjs.com/package/openapi-mermaid) tool.
"
`;
